// Jest Snapshot v1, https://goo.gl/fbAQLP

exports[`should match the shapshot 1`] = `
<MainContain>
  <CardSection>
    <Input
      length={6}
      name="code"
      onChange={[Function]}
      placeholder="Enter Code"
      value=""
    />
  </CardSection>
  <CardSection>
    <Button
      onPress={[Function]}
    >
      Submit
    </Button>
  </CardSection>
  <Title>
    Enter Code
  </Title>
</MainContain>
`;
