// Jest Snapshot v1, https://goo.gl/fbAQLP

exports[`should match the shapshot 1`] = `
<Component
  style={
    Object {
      "alignItems": "stretch",
      "backgroundColor": "#54b8c0",
      "borderColor": "#54b8c0",
      "borderRadius": 5,
      "borderWidth": 1,
      "flex": 1,
      "marginLeft": 10,
      "marginRight": 10,
    }
  }
>
  <TextInput
    allowFontScaling={true}
    style={
      Object {
        "color": "white",
        "fontSize": 30,
        "height": 40,
        "textAlign": "center",
      }
    }
    underlineColorAndroid="transparent"
  />
</Component>
`;
